// Jest Snapshot v1, https://goo.gl/fbAQLP

exports[`<StallOwner /> Renders correctly 1`] = `null`;
