// Jest Snapshot v1, https://goo.gl/fbAQLP

exports[`<StallOwnerEditDish /> Renders correctly 1`] = `null`;
