// Jest Snapshot v1, https://goo.gl/fbAQLP

exports[`<StallOwnerDish /> Renders correctly 1`] = `null`;
