// Jest Snapshot v1, https://goo.gl/fbAQLP

exports[`<HorizontalListContainer /> Renders correctly 1`] = `
<View
  accessible={true}
  collapsable={false}
  focusable={false}
  onClick={[Function]}
  onResponderGrant={[Function]}
  onResponderMove={[Function]}
  onResponderRelease={[Function]}
  onResponderTerminate={[Function]}
  onResponderTerminationRequest={[Function]}
  onStartShouldSetResponder={[Function]}
  style={
    Object {
      "activeOpacity": 0.8,
      "backgroundColor": "#FFFFFF",
      "borderColor": "#F5F5F5",
      "borderRadius": 20,
      "borderTopLeftRadius": 20,
      "borderTopRightRadius": 20,
      "borderWidth": 0,
      "elevation": 3,
      "flex": 1,
      "marginHorizontal": 10,
      "marginVertical": 5,
      "minHeight": 155,
      "minWidth": 150,
      "opacity": 1,
      "shadowColor": "#000",
      "shadowOffset": Object {
        "height": 5,
        "width": 5,
      },
      "shadowOpacity": 0.22,
      "shadowRadius": 2.22,
    }
  }
>
  <View
    style={
      Object {
        "flex": 1,
        "flexDirection": "column",
        "minWidth": 130,
      }
    }
  >
    <View
      style={
        Object {
          "alignItems": "center",
          "borderTopLeftRadius": 20,
          "borderTopRightRadius": 20,
          "flex": 1,
          "justifyContent": "flex-start",
          "minHeight": 50,
        }
      }
    >
      <Image
        resizeMode="cover"
        source={1}
        style={
          Object {
            "borderRadius": 20,
            "height": "95%",
            "width": "100%",
          }
        }
      />
    </View>
    <View
      style={
        Object {
          "alignItems": "flex-start",
          "borderBottomLeftRadius": 20,
          "borderBottomRightRadius": 20,
          "flex": 1,
          "flexDirection": "row",
          "justifyContent": "space-between",
          "paddingBottom": 5,
          "paddingHorizontal": 10,
        }
      }
    >
      <View
        style={
          Object {
            "alignItems": "flex-start",
            "flex": 1,
            "flexDirection": "column",
            "justifyContent": "flex-start",
          }
        }
      >
        <Text
          style={
            Array [
              Object {
                "color": "#2C365A",
                "fontFamily": "SourceSansPro-Regular",
                "fontSize": 23,
              },
              Object {
                "fontSize": 20,
              },
            ]
          }
        >
          
        </Text>
        <Text
          style={
            Array [
              Object {
                "color": "#2C365A",
                "fontFamily": "SourceSansPro-Regular",
                "fontSize": 15,
              },
              Object {
                "flex": 1,
                "fontSize": 15,
              },
            ]
          }
        >
          
           Km away
        </Text>
      </View>
      <View
        style={
          Object {
            "alignSelf": "flex-end",
            "backgroundColor": "#FFB81C",
            "borderRadius": 3,
            "marginBottom": 5,
            "paddingHorizontal": 4,
          }
        }
      >
        <Text
          style={
            Object {
              "fontSize": 13,
            }
          }
        >
          
        </Text>
      </View>
    </View>
  </View>
</View>
`;
