// Jest Snapshot v1, https://goo.gl/fbAQLP

exports[`<StyledContainer /> Renders correctly 1`] = `
<View
  style={
    Array [
      Object {
        "backgroundColor": "#FFFFFF",
        "flexBasis": 0,
        "flexDirection": "column",
        "flexGrow": 1,
        "flexShrink": 1,
        "height": "100%",
        "paddingBottom": 15,
        "paddingLeft": 15,
        "paddingRight": 15,
        "paddingTop": 30,
        "width": "100%",
      },
    ]
  }
/>
`;
