// Jest Snapshot v1, https://goo.gl/fbAQLP

exports[`<FilterSection /> Renders correctly 1`] = `
<View
  style={
    Array [
      Object {
        "backgroundColor": "#FFFFFF",
        "flexBasis": 0,
        "flexDirection": "column",
        "flexGrow": 1,
        "flexShrink": 1,
        "height": "100%",
        "paddingBottom": 15,
        "paddingLeft": 15,
        "paddingRight": 15,
        "paddingTop": 30,
        "width": "100%",
      },
      Object {
        "borderRadius": 25,
        "flex": 1,
        "paddingBottom": 10,
        "paddingLeft": 30,
        "paddingRight": 30,
        "paddingTop": 10,
      },
    ]
  }
>
  <View
    style={
      Array [
        Object {
          "alignItems": "center",
          "flexBasis": 0,
          "flexGrow": 1,
          "flexShrink": 1,
          "justifyContent": "center",
          "width": "100%",
        },
        Object {
          "alignItems": "center",
          "flex": 1,
          "justifyContent": "center",
          "maxHeight": 50,
        },
      ]
    }
  >
    <Text
      style={
        Array [
          Object {
            "color": "#2C365A",
            "fontFamily": "SourceSansPro-SemiBold",
            "fontSize": 33,
          },
          Object {
            "fontSize": 30,
          },
        ]
      }
    >
      Filter
    </Text>
  </View>
  <View
    style={
      Array [
        Object {
          "alignItems": "center",
          "flexBasis": 0,
          "flexGrow": 1,
          "flexShrink": 1,
          "justifyContent": "center",
          "width": "100%",
        },
        Object {
          "flex": 1,
          "justifyContent": "flex-start",
          "maxHeight": 160,
        },
      ]
    }
  >
    <Text
      style={
        Array [
          Object {
            "color": "#2C365A",
            "fontFamily": "SourceSansPro-Regular",
            "fontSize": 22,
          },
          Object {
            "alignSelf": "flex-start",
            "marginVertical": 5,
          },
        ]
      }
    >
      Cuisine
    </Text>
    <View>
      <View
        style={
          Object {
            "alignItems": "center",
            "flexDirection": "row",
            "flexWrap": "wrap",
          }
        }
      >
        <View
          accessible={true}
          collapsable={false}
          focusable={true}
          onClick={[Function]}
          onResponderGrant={[Function]}
          onResponderMove={[Function]}
          onResponderRelease={[Function]}
          onResponderTerminate={[Function]}
          onResponderTerminationRequest={[Function]}
          onStartShouldSetResponder={[Function]}
          style={
            Object {
              "opacity": 1,
            }
          }
        >
          <View
            style={
              Array [
                Object {
                  "flexDirection": "row",
                },
                Object {
                  "alignItems": "center",
                  "backgroundColor": "#FFF",
                  "borderColor": "#2196F3",
                  "borderRadius": 20,
                  "borderWidth": 1,
                  "justifyContent": "center",
                  "margin": 5,
                  "padding": 6,
                },
                Object {
                  "borderColor": "#ff7f50",
                  "maxHeight": 30,
                  "padding": 2,
                },
              ]
            }
          >
            <Text
              style={
                Array [
                  Object {
                    "paddingHorizontal": 5,
                  },
                  Object {
                    "color": "#2196F3",
                    "fontSize": 20,
                  },
                  Object {
                    "color": "#ff7f50",
                    "fontSize": 14,
                  },
                ]
              }
            >
              Chinese
            </Text>
          </View>
        </View>
        <View
          accessible={true}
          collapsable={false}
          focusable={true}
          onClick={[Function]}
          onResponderGrant={[Function]}
          onResponderMove={[Function]}
          onResponderRelease={[Function]}
          onResponderTerminate={[Function]}
          onResponderTerminationRequest={[Function]}
          onStartShouldSetResponder={[Function]}
          style={
            Object {
              "opacity": 1,
            }
          }
        >
          <View
            style={
              Array [
                Object {
                  "flexDirection": "row",
                },
                Object {
                  "alignItems": "center",
                  "backgroundColor": "#FFF",
                  "borderColor": "#2196F3",
                  "borderRadius": 20,
                  "borderWidth": 1,
                  "justifyContent": "center",
                  "margin": 5,
                  "padding": 6,
                },
                Object {
                  "borderColor": "#ff7f50",
                  "maxHeight": 30,
                  "padding": 2,
                },
              ]
            }
          >
            <Text
              style={
                Array [
                  Object {
                    "paddingHorizontal": 5,
                  },
                  Object {
                    "color": "#2196F3",
                    "fontSize": 20,
                  },
                  Object {
                    "color": "#ff7f50",
                    "fontSize": 14,
                  },
                ]
              }
            >
              Japanese
            </Text>
          </View>
        </View>
        <View
          accessible={true}
          collapsable={false}
          focusable={true}
          onClick={[Function]}
          onResponderGrant={[Function]}
          onResponderMove={[Function]}
          onResponderRelease={[Function]}
          onResponderTerminate={[Function]}
          onResponderTerminationRequest={[Function]}
          onStartShouldSetResponder={[Function]}
          style={
            Object {
              "opacity": 1,
            }
          }
        >
          <View
            style={
              Array [
                Object {
                  "flexDirection": "row",
                },
                Object {
                  "alignItems": "center",
                  "backgroundColor": "#FFF",
                  "borderColor": "#2196F3",
                  "borderRadius": 20,
                  "borderWidth": 1,
                  "justifyContent": "center",
                  "margin": 5,
                  "padding": 6,
                },
                Object {
                  "borderColor": "#ff7f50",
                  "maxHeight": 30,
                  "padding": 2,
                },
              ]
            }
          >
            <Text
              style={
                Array [
                  Object {
                    "paddingHorizontal": 5,
                  },
                  Object {
                    "color": "#2196F3",
                    "fontSize": 20,
                  },
                  Object {
                    "color": "#ff7f50",
                    "fontSize": 14,
                  },
                ]
              }
            >
              Korean
            </Text>
          </View>
        </View>
        <View
          accessible={true}
          collapsable={false}
          focusable={true}
          onClick={[Function]}
          onResponderGrant={[Function]}
          onResponderMove={[Function]}
          onResponderRelease={[Function]}
          onResponderTerminate={[Function]}
          onResponderTerminationRequest={[Function]}
          onStartShouldSetResponder={[Function]}
          style={
            Object {
              "opacity": 1,
            }
          }
        >
          <View
            style={
              Array [
                Object {
                  "flexDirection": "row",
                },
                Object {
                  "alignItems": "center",
                  "backgroundColor": "#FFF",
                  "borderColor": "#2196F3",
                  "borderRadius": 20,
                  "borderWidth": 1,
                  "justifyContent": "center",
                  "margin": 5,
                  "padding": 6,
                },
                Object {
                  "borderColor": "#ff7f50",
                  "maxHeight": 30,
                  "padding": 2,
                },
              ]
            }
          >
            <Text
              style={
                Array [
                  Object {
                    "paddingHorizontal": 5,
                  },
                  Object {
                    "color": "#2196F3",
                    "fontSize": 20,
                  },
                  Object {
                    "color": "#ff7f50",
                    "fontSize": 14,
                  },
                ]
              }
            >
              Thai
            </Text>
          </View>
        </View>
        <View
          accessible={true}
          collapsable={false}
          focusable={true}
          onClick={[Function]}
          onResponderGrant={[Function]}
          onResponderMove={[Function]}
          onResponderRelease={[Function]}
          onResponderTerminate={[Function]}
          onResponderTerminationRequest={[Function]}
          onStartShouldSetResponder={[Function]}
          style={
            Object {
              "opacity": 1,
            }
          }
        >
          <View
            style={
              Array [
                Object {
                  "flexDirection": "row",
                },
                Object {
                  "alignItems": "center",
                  "backgroundColor": "#FFF",
                  "borderColor": "#2196F3",
                  "borderRadius": 20,
                  "borderWidth": 1,
                  "justifyContent": "center",
                  "margin": 5,
                  "padding": 6,
                },
                Object {
                  "borderColor": "#ff7f50",
                  "maxHeight": 30,
                  "padding": 2,
                },
              ]
            }
          >
            <Text
              style={
                Array [
                  Object {
                    "paddingHorizontal": 5,
                  },
                  Object {
                    "color": "#2196F3",
                    "fontSize": 20,
                  },
                  Object {
                    "color": "#ff7f50",
                    "fontSize": 14,
                  },
                ]
              }
            >
              Western
            </Text>
          </View>
        </View>
        <View
          accessible={true}
          collapsable={false}
          focusable={true}
          onClick={[Function]}
          onResponderGrant={[Function]}
          onResponderMove={[Function]}
          onResponderRelease={[Function]}
          onResponderTerminate={[Function]}
          onResponderTerminationRequest={[Function]}
          onStartShouldSetResponder={[Function]}
          style={
            Object {
              "opacity": 1,
            }
          }
        >
          <View
            style={
              Array [
                Object {
                  "flexDirection": "row",
                },
                Object {
                  "alignItems": "center",
                  "backgroundColor": "#FFF",
                  "borderColor": "#2196F3",
                  "borderRadius": 20,
                  "borderWidth": 1,
                  "justifyContent": "center",
                  "margin": 5,
                  "padding": 6,
                },
                Object {
                  "borderColor": "#ff7f50",
                  "maxHeight": 30,
                  "padding": 2,
                },
              ]
            }
          >
            <Text
              style={
                Array [
                  Object {
                    "paddingHorizontal": 5,
                  },
                  Object {
                    "color": "#2196F3",
                    "fontSize": 20,
                  },
                  Object {
                    "color": "#ff7f50",
                    "fontSize": 14,
                  },
                ]
              }
            >
              Indian
            </Text>
          </View>
        </View>
        <View
          accessible={true}
          collapsable={false}
          focusable={true}
          onClick={[Function]}
          onResponderGrant={[Function]}
          onResponderMove={[Function]}
          onResponderRelease={[Function]}
          onResponderTerminate={[Function]}
          onResponderTerminationRequest={[Function]}
          onStartShouldSetResponder={[Function]}
          style={
            Object {
              "opacity": 1,
            }
          }
        >
          <View
            style={
              Array [
                Object {
                  "flexDirection": "row",
                },
                Object {
                  "alignItems": "center",
                  "backgroundColor": "#FFF",
                  "borderColor": "#2196F3",
                  "borderRadius": 20,
                  "borderWidth": 1,
                  "justifyContent": "center",
                  "margin": 5,
                  "padding": 6,
                },
                Object {
                  "borderColor": "#ff7f50",
                  "maxHeight": 30,
                  "padding": 2,
                },
              ]
            }
          >
            <Text
              style={
                Array [
                  Object {
                    "paddingHorizontal": 5,
                  },
                  Object {
                    "color": "#2196F3",
                    "fontSize": 20,
                  },
                  Object {
                    "color": "#ff7f50",
                    "fontSize": 14,
                  },
                ]
              }
            >
              Malay
            </Text>
          </View>
        </View>
        <View
          accessible={true}
          collapsable={false}
          focusable={true}
          onClick={[Function]}
          onResponderGrant={[Function]}
          onResponderMove={[Function]}
          onResponderRelease={[Function]}
          onResponderTerminate={[Function]}
          onResponderTerminationRequest={[Function]}
          onStartShouldSetResponder={[Function]}
          style={
            Object {
              "opacity": 1,
            }
          }
        >
          <View
            style={
              Array [
                Object {
                  "flexDirection": "row",
                },
                Object {
                  "alignItems": "center",
                  "backgroundColor": "#FFF",
                  "borderColor": "#2196F3",
                  "borderRadius": 20,
                  "borderWidth": 1,
                  "justifyContent": "center",
                  "margin": 5,
                  "padding": 6,
                },
                Object {
                  "borderColor": "#ff7f50",
                  "maxHeight": 30,
                  "padding": 2,
                },
              ]
            }
          >
            <Text
              style={
                Array [
                  Object {
                    "paddingHorizontal": 5,
                  },
                  Object {
                    "color": "#2196F3",
                    "fontSize": 20,
                  },
                  Object {
                    "color": "#ff7f50",
                    "fontSize": 14,
                  },
                ]
              }
            >
              Taiwanese
            </Text>
          </View>
        </View>
      </View>
    </View>
  </View>
  <View
    style={
      Array [
        Object {
          "alignItems": "center",
          "flexBasis": 0,
          "flexGrow": 1,
          "flexShrink": 1,
          "justifyContent": "center",
          "width": "100%",
        },
        Object {
          "flex": 1,
          "maxHeight": 80,
        },
      ]
    }
  >
    <View
      style={
        Array [
          Object {
            "alignItems": "center",
            "flexBasis": 0,
            "flexGrow": 1,
            "flexShrink": 1,
            "justifyContent": "center",
            "width": "100%",
          },
          Object {
            "alignItems": "center",
            "flex": 1,
            "flexDirection": "row",
            "justifyContent": "space-between",
          },
        ]
      }
    >
      <Text
        style={
          Array [
            Object {
              "color": "#2C365A",
              "fontFamily": "SourceSansPro-Regular",
              "fontSize": 22,
            },
            Object {
              "alignSelf": "center",
              "justifyContent": "flex-start",
            },
          ]
        }
      >
        Price
      </Text>
      <Text
        style={
          Array [
            Object {
              "color": "#2C365A",
              "fontFamily": "SourceSansPro-Regular",
              "fontSize": 22,
            },
          ]
        }
      >
        &lt; $
        0
      </Text>
    </View>
    <View
      animationType="timing"
      onLayout={[Function]}
      onValueChange={[Function]}
      step={2}
      style={
        Array [
          Object {
            "height": 40,
            "justifyContent": "center",
          },
          Object {
            "flex": 1,
            "width": "100%",
          },
        ]
      }
      thumbTouchSize={
        Object {
          "height": 40,
          "width": 40,
        }
      }
      value={0}
    >
      <View
        onLayout={[Function]}
        renderToHardwareTextureAndroid={true}
        style={
          Array [
            Object {
              "backgroundColor": "#b3b3b3",
            },
            Object {
              "borderRadius": 2,
              "height": 4,
            },
            undefined,
          ]
        }
      />
      <View
        collapsable={false}
        renderToHardwareTextureAndroid={true}
        style={
          Object {
            "backgroundColor": "#3f3f3f",
            "borderRadius": 2,
            "height": 4,
            "opacity": 0,
            "position": "absolute",
            "width": 0,
          }
        }
      />
      <View
        collapsable={false}
        onLayout={[Function]}
        renderToHardwareTextureAndroid={true}
        style={
          Object {
            "backgroundColor": "#343434",
            "borderRadius": 10,
            "height": 20,
            "opacity": 0,
            "position": "absolute",
            "transform": Array [
              Object {
                "translateX": 0,
              },
              Object {
                "translateY": 0,
              },
            ],
            "width": 20,
          }
        }
      />
      <View
        onMoveShouldSetResponder={[Function]}
        onMoveShouldSetResponderCapture={[Function]}
        onResponderEnd={[Function]}
        onResponderGrant={[Function]}
        onResponderMove={[Function]}
        onResponderReject={[Function]}
        onResponderRelease={[Function]}
        onResponderStart={[Function]}
        onResponderTerminate={[Function]}
        onResponderTerminationRequest={[Function]}
        onStartShouldSetResponder={[Function]}
        onStartShouldSetResponderCapture={[Function]}
        renderToHardwareTextureAndroid={true}
        style={
          Array [
            Object {
              "backgroundColor": "transparent",
              "bottom": 0,
              "left": 0,
              "position": "absolute",
              "right": 0,
              "top": 0,
            },
            Object {},
          ]
        }
      />
    </View>
  </View>
  <View
    style={
      Array [
        Object {
          "alignItems": "center",
          "flexBasis": 0,
          "flexGrow": 1,
          "flexShrink": 1,
          "justifyContent": "center",
          "width": "100%",
        },
        Object {
          "flex": 1,
          "maxHeight": 80,
        },
      ]
    }
  >
    <View
      style={
        Array [
          Object {
            "alignItems": "center",
            "flexBasis": 0,
            "flexGrow": 1,
            "flexShrink": 1,
            "justifyContent": "center",
            "width": "100%",
          },
          Object {
            "alignItems": "center",
            "flex": 1,
            "flexDirection": "row",
            "justifyContent": "space-between",
          },
        ]
      }
    >
      <Text
        style={
          Array [
            Object {
              "color": "#2C365A",
              "fontFamily": "SourceSansPro-Regular",
              "fontSize": 22,
            },
            Object {
              "alignSelf": "center",
              "justifyContent": "flex-start",
            },
          ]
        }
      >
        Distance
      </Text>
      <Text
        style={
          Array [
            Object {
              "color": "#2C365A",
              "fontFamily": "SourceSansPro-Regular",
              "fontSize": 22,
            },
          ]
        }
      >
        &lt; 
        0 m
         
      </Text>
    </View>
    <View
      animationType="timing"
      onLayout={[Function]}
      onValueChange={[Function]}
      step={100}
      style={
        Array [
          Object {
            "height": 40,
            "justifyContent": "center",
          },
          Object {
            "flex": 1,
            "width": "100%",
          },
        ]
      }
      thumbTouchSize={
        Object {
          "height": 40,
          "width": 40,
        }
      }
      value={0}
    >
      <View
        onLayout={[Function]}
        renderToHardwareTextureAndroid={true}
        style={
          Array [
            Object {
              "backgroundColor": "#b3b3b3",
            },
            Object {
              "borderRadius": 2,
              "height": 4,
            },
            undefined,
          ]
        }
      />
      <View
        collapsable={false}
        renderToHardwareTextureAndroid={true}
        style={
          Object {
            "backgroundColor": "#3f3f3f",
            "borderRadius": 2,
            "height": 4,
            "opacity": 0,
            "position": "absolute",
            "width": 0,
          }
        }
      />
      <View
        collapsable={false}
        onLayout={[Function]}
        renderToHardwareTextureAndroid={true}
        style={
          Object {
            "backgroundColor": "#343434",
            "borderRadius": 10,
            "height": 20,
            "opacity": 0,
            "position": "absolute",
            "transform": Array [
              Object {
                "translateX": 0,
              },
              Object {
                "translateY": 0,
              },
            ],
            "width": 20,
          }
        }
      />
      <View
        onMoveShouldSetResponder={[Function]}
        onMoveShouldSetResponderCapture={[Function]}
        onResponderEnd={[Function]}
        onResponderGrant={[Function]}
        onResponderMove={[Function]}
        onResponderReject={[Function]}
        onResponderRelease={[Function]}
        onResponderStart={[Function]}
        onResponderTerminate={[Function]}
        onResponderTerminationRequest={[Function]}
        onStartShouldSetResponder={[Function]}
        onStartShouldSetResponderCapture={[Function]}
        renderToHardwareTextureAndroid={true}
        style={
          Array [
            Object {
              "backgroundColor": "transparent",
              "bottom": 0,
              "left": 0,
              "position": "absolute",
              "right": 0,
              "top": 0,
            },
            Object {},
          ]
        }
      />
    </View>
  </View>
  <View
    accessible={true}
    collapsable={false}
    focusable={true}
    onClick={[Function]}
    onResponderGrant={[Function]}
    onResponderMove={[Function]}
    onResponderRelease={[Function]}
    onResponderTerminate={[Function]}
    onResponderTerminationRequest={[Function]}
    onStartShouldSetResponder={[Function]}
    style={
      Object {
        "alignItems": "center",
        "alignSelf": "center",
        "backgroundColor": "#ff7f50",
        "borderRadius": 10,
        "justifyContent": "center",
        "marginBottom": 5,
        "marginLeft": 5,
        "marginRight": 5,
        "marginTop": 5,
        "opacity": 1,
        "paddingBottom": 5,
        "paddingLeft": 10,
        "paddingRight": 10,
        "paddingTop": 5,
      }
    }
  >
    <Text
      style={
        Array [
          Object {
            "color": "#2C365A",
            "fontFamily": "SourceSansPro-Regular",
            "fontSize": 22,
          },
          Object {
            "color": "#FFFFFF",
            "fontSize": 19,
          },
        ]
      }
    >
      Apply
    </Text>
  </View>
</View>
`;
