// Jest Snapshot v1, https://goo.gl/fbAQLP

exports[`<SearchBar /> Renders correctly 1`] = `
<View
  style={
    Object {
      "alignItems": "center",
      "flex": 1,
      "flexDirection": "row",
      "justifyContent": "space-between",
      "minHeight": 50,
      "width": "100%",
    }
  }
>
  <View
    style={
      Object {
        "alignItems": "center",
        "backgroundColor": "#F5F5F5",
        "borderRadius": 10,
        "flex": 1,
        "flexDirection": "row",
        "justifyContent": "center",
        "marginRight": 10,
        "minHeight": 20,
        "paddingHorizontal": 5,
        "paddingRight": 20,
      }
    }
  >
    <Image
      source={1}
      style={
        Object {
          "height": 40,
          "tintColor": "#2C365A",
          "width": 40,
        }
      }
    />
    <TextInput
      placeholder="Search"
      selectionColor="#2C365A"
      style={
        Object {
          "flex": 1,
        }
      }
    />
  </View>
  <View
    accessible={true}
    collapsable={false}
    focusable={false}
    onClick={[Function]}
    onResponderGrant={[Function]}
    onResponderMove={[Function]}
    onResponderRelease={[Function]}
    onResponderTerminate={[Function]}
    onResponderTerminationRequest={[Function]}
    onStartShouldSetResponder={[Function]}
    style={
      Object {
        "backgroundColor": "#ff7f50",
        "borderRadius": 10,
        "opacity": 1,
        "padding": 10,
      }
    }
  >
    <Image
      source={1}
      style={
        Object {
          "height": 18,
          "tintColor": "#F5F5F5",
          "width": 18,
        }
      }
    />
  </View>
</View>
`;
