// Jest Snapshot v1, https://goo.gl/fbAQLP

exports[`<Review /> Renders correctly 1`] = `null`;
