// Jest Snapshot v1, https://goo.gl/fbAQLP

exports[`<Stall /> Renders correctly 1`] = `null`;
