// Jest Snapshot v1, https://goo.gl/fbAQLP

exports[`<WriteReview /> Renders correctly 1`] = `null`;
