// Jest Snapshot v1, https://goo.gl/fbAQLP

exports[`<Landing /> Renders correctly 1`] = `
<View
  style={
    Array [
      Object {
        "alignItems": "center",
        "flexBasis": 0,
        "flexGrow": 1,
        "flexShrink": 1,
        "justifyContent": "center",
        "width": "100%",
      },
      Object {
        "alignItems": "center",
        "backgroundColor": "#2C365A",
        "flex": 1,
        "flexDirection": "column",
        "justifyContent": "center",
        "padding": 0,
      },
    ]
  }
>
  <Image
    source={1}
    style={
      Object {
        "height": 150,
        "width": 150,
      }
    }
  />
  <Text
    style={
      Array [
        Object {
          "color": "#2C365A",
          "fontFamily": "SourceSansPro-SemiBold",
          "fontSize": 33,
        },
        Object {
          "color": "#FFFFFF",
          "fontFamily": "SourceSansPro-Bold",
          "fontSize": 35,
          "justifyContent": "flex-end",
          "marginBottom": 60,
          "marginTop": 10,
          "textAlign": "center",
        },
      ]
    }
  >
     Eat@NUS 
  </Text>
  <Text
    style={
      Array [
        Object {
          "color": "#2C365A",
          "fontFamily": "SourceSansPro-Regular",
          "fontSize": 23,
        },
        Object {
          "color": "#FFFFFF",
          "fontSize": 30,
          "marginBottom": 10,
        },
      ]
    }
  >
     I am a . . . 
  </Text>
  <View
    accessible={true}
    collapsable={false}
    focusable={true}
    onClick={[Function]}
    onResponderGrant={[Function]}
    onResponderMove={[Function]}
    onResponderRelease={[Function]}
    onResponderTerminate={[Function]}
    onResponderTerminationRequest={[Function]}
    onStartShouldSetResponder={[Function]}
    style={
      Object {
        "alignItems": "center",
        "alignSelf": "center",
        "backgroundColor": "#ff7f50",
        "borderRadius": 10,
        "elevation": 3,
        "height": 70,
        "justifyContent": "center",
        "marginBottom": 10,
        "marginLeft": 5,
        "marginRight": 5,
        "marginTop": 5,
        "opacity": 1,
        "paddingBottom": 10,
        "paddingLeft": 10,
        "paddingRight": 10,
        "paddingTop": 10,
        "shadowColor": "#000",
        "shadowOffset": Object {
          "height": 1,
          "width": 0,
        },
        "shadowOpacity": 0.22,
        "shadowRadius": 2.22,
        "width": 280,
      }
    }
  >
    <Text
      style={
        Array [
          Object {
            "color": "#2C365A",
            "fontFamily": "SourceSansPro-SemiBold",
            "fontSize": 33,
          },
          Object {
            "color": "#F5F5F5",
            "fontSize": 25,
          },
        ]
      }
    >
       Customer 
    </Text>
  </View>
  <View
    accessible={true}
    collapsable={false}
    focusable={true}
    onClick={[Function]}
    onResponderGrant={[Function]}
    onResponderMove={[Function]}
    onResponderRelease={[Function]}
    onResponderTerminate={[Function]}
    onResponderTerminationRequest={[Function]}
    onStartShouldSetResponder={[Function]}
    style={
      Object {
        "alignItems": "center",
        "alignSelf": "center",
        "backgroundColor": "#ff7f50",
        "borderRadius": 10,
        "elevation": 3,
        "height": 70,
        "justifyContent": "center",
        "marginBottom": 10,
        "marginLeft": 5,
        "marginRight": 5,
        "marginTop": 5,
        "opacity": 1,
        "paddingBottom": 10,
        "paddingLeft": 10,
        "paddingRight": 10,
        "paddingTop": 10,
        "shadowColor": "#000",
        "shadowOffset": Object {
          "height": 1,
          "width": 0,
        },
        "shadowOpacity": 0.22,
        "shadowRadius": 2.22,
        "width": 280,
      }
    }
  >
    <Text
      style={
        Array [
          Object {
            "color": "#2C365A",
            "fontFamily": "SourceSansPro-SemiBold",
            "fontSize": 33,
          },
          Object {
            "color": "#F5F5F5",
            "fontSize": 25,
          },
        ]
      }
    >
       Food Stall Owner 
    </Text>
  </View>
</View>
`;
